[debug] [2026-09-07T05:15:15.129Z] ----------------------------------------------------------------------
[debug] [2026-09-07T05:15:15.131Z] Command:       C:\Program Files\nodejs\node.exe C:\Users\00122\AppData\Roaming\npm\node_modules\firebase-tools\lib\bin\firebase.js init hosting:github
[debug] [2026-09-07T05:15:15.131Z] CLI Version:   15.19.1
[debug] [2026-09-07T05:15:15.132Z] Platform:      win32
[debug] [2026-09-07T05:15:15.132Z] Node Version:  v24.16.0
[debug] [2026-09-07T05:15:15.132Z] Time:          Mon Sep 07 2026 14:15:15 GMT+0900 (한국 표준시)
[debug] [2026-09-07T05:15:15.132Z] ----------------------------------------------------------------------
[debug] 
[info] 
     ######## #### ########  ######## ########     ###     ######  ########
     ##        ##  ##     ## ##       ##     ##  ##   ##  ##       ##
     ######    ##  ########  ######   ########  #########  ######  ######
     ##        ##  ##    ##  ##       ##     ## ##     ##       ## ##
     ##       #### ##     ## ######## ########  ##     ##  ######  ########

You're about to initialize a Firebase project in this directory:

  C:\Users\00122\OneDrive\바탕 화면\음교 정독실

Before we get started, keep in mind:

  * You are initializing within an existing Firebase project directory

[info] 
=== Project Setup
[info] 
[info] First, let's associate this project directory with a Firebase project.
[info] You can create multiple project aliases by running firebase use --add, 
[info] 
[debug] [2026-09-07T05:15:24.545Z] > command requires scopes: ["email","openid","https://www.googleapis.com/auth/cloudplatformprojects.readonly","https://www.googleapis.com/auth/firebase","https://www.googleapis.com/auth/cloud-platform"]
[debug] [2026-09-07T05:15:24.546Z] > authorizing via signed-in user (001226gksmf@gmail.com)
[debug] [2026-09-07T05:15:24.549Z] Checked if tokens are valid: true, expires at: 1788761239076
[debug] [2026-09-07T05:15:24.549Z] Checked if tokens are valid: true, expires at: 1788761239076
[debug] [2026-09-07T05:15:24.552Z] >>> [apiv2][query] GET https://firebase.googleapis.com/v1beta1/projects/gnu-study-room [none]
[debug] [2026-09-07T05:15:25.057Z] <<< [apiv2][status] GET https://firebase.googleapis.com/v1beta1/projects/gnu-study-room 200
[debug] [2026-09-07T05:15:25.058Z] <<< [apiv2][body] GET https://firebase.googleapis.com/v1beta1/projects/gnu-study-room {"projectId":"gnu-study-room","projectNumber":"119439881498","displayName":"gnu-study-room","name":"projects/gnu-study-room","resources":{"hostingSite":"gnu-study-room","realtimeDatabaseInstance":"gnu-study-room-default-rtdb"},"state":"ACTIVE","labels":{"firebase":"enabled"},"etag":"1_e8c96ecd-25d8-4da0-80b8-c6c7ceecf18d"}
[info] i  Using project gnu-study-room (gnu-study-room) . 
[info] 
=== Hosting:github Setup
[info] 
[info] i  Detected a .git folder at C:\Users\00122\OneDrive\바탕 화면\음교 정독실\public 
[info] i  Authorizing with GitHub to upload your service account to a GitHub repository's secrets store. 
[info] 
[info] Visit this URL on this device to log in:
[info] https://github.com/login/oauth/authorize?client_id=89cf50f02ac6aaed3484&state=473423184&redirect_uri=http%3A%2F%2Flocalhost%3A9005&scope=read%3Auser%20repo%20public_repo
[info] 
[info] Waiting for authentication...
[debug] [2026-09-07T05:15:25.879Z] >>> [apiv2][query] POST https://github.com/login/oauth/access_token [none]
[debug] [2026-09-07T05:15:25.879Z] >>> [apiv2][body] POST https://github.com/login/oauth/access_token [stream]
[debug] [2026-09-07T05:15:26.222Z] <<< [apiv2][status] POST https://github.com/login/oauth/access_token 200
[debug] [2026-09-07T05:15:26.222Z] <<< [apiv2][body] POST https://github.com/login/oauth/access_token {"access_token":"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","token_type":"bearer","scope":"read:user,repo"}
[debug] [2026-09-07T05:15:26.229Z] >>> [apiv2][query] GET https://api.github.com/user [none]
[debug] [2026-09-07T05:15:26.706Z] <<< [apiv2][status] GET https://api.github.com/user 200
[debug] [2026-09-07T05:15:26.706Z] <<< [apiv2][body] GET https://api.github.com/user {"login":"001226gksmf-beep","id":285531397,"node_id":"U_kgDOEQTdBQ","avatar_url":"https://avatars.githubusercontent.com/u/285531397?v=4","gravatar_id":"","url":"https://api.github.com/users/001226gksmf-beep","html_url":"https://github.com/001226gksmf-beep","followers_url":"https://api.github.com/users/001226gksmf-beep/followers","following_url":"https://api.github.com/users/001226gksmf-beep/following{/other_user}","gists_url":"https://api.github.com/users/001226gksmf-beep/gists{/gist_id}","starred_url":"https://api.github.com/users/001226gksmf-beep/starred{/owner}{/repo}","subscriptions_url":"https://api.github.com/users/001226gksmf-beep/subscriptions","organizations_url":"https://api.github.com/users/001226gksmf-beep/orgs","repos_url":"https://api.github.com/users/001226gksmf-beep/repos","events_url":"https://api.github.com/users/001226gksmf-beep/events{/privacy}","received_events_url":"https://api.github.com/users/001226gksmf-beep/received_events","type":"User","user_view_type":"private","site_admin":false,"name":"나는스카이다","company":null,"blog":"","location":null,"email":"001226gksmf@gmail.com","hireable":null,"bio":null,"twitter_username":null,"notification_email":"001226gksmf@gmail.com","public_repos":4,"public_gists":0,"followers":0,"following":0,"created_at":"2026-05-18T00:35:36Z","updated_at":"2026-08-28T14:40:05Z","private_gists":0,"total_private_repos":0,"owned_private_repos":0,"disk_usage":37,"collaborators":0,"two_factor_authentication":false,"plan":{"name":"free","space":976562499,"collaborators":0,"private_repos":10000}}
[info] 
[info] +  Success! Logged into GitHub as 001226gksmf-beep 
[info] 
